1
1
1
1
1
1
1
Warning: Design 'KG_TOP' has '1' unresolved references. For more detailed information, use the "link" command. (UID-341)
 
****************************************
check_design summary:
Version:     K-2015.06
Date:        Wed Dec 31 06:07:55 2025
****************************************

                   Name                                            Total
--------------------------------------------------------------------------------
Tristate                                                           65
    A tristate bus has a non tri-state driver (LINT-34)            65
--------------------------------------------------------------------------------

Warning: In design 'KG_TOP', three-state bus 'Cin_reg' has non three-state driver 'OPERAND_A_B_CIN_DFF/Cin_Q_reg/Q'. (LINT-34)
Warning: In design 'KG_TOP', three-state bus 'B_reg[0]' has non three-state driver 'OPERAND_A_B_CIN_DFF/B_Q_reg[0]/Q'. (LINT-34)
Warning: In design 'KG_TOP', three-state bus 'B_reg[1]' has non three-state driver 'OPERAND_A_B_CIN_DFF/B_Q_reg[1]/Q'. (LINT-34)
Warning: In design 'KG_TOP', three-state bus 'B_reg[2]' has non three-state driver 'OPERAND_A_B_CIN_DFF/B_Q_reg[2]/Q'. (LINT-34)
Warning: In design 'KG_TOP', three-state bus 'B_reg[3]' has non three-state driver 'OPERAND_A_B_CIN_DFF/B_Q_reg[3]/Q'. (LINT-34)
Warning: In design 'KG_TOP', three-state bus 'B_reg[4]' has non three-state driver 'OPERAND_A_B_CIN_DFF/B_Q_reg[4]/Q'. (LINT-34)
Warning: In design 'KG_TOP', three-state bus 'B_reg[5]' has non three-state driver 'OPERAND_A_B_CIN_DFF/B_Q_reg[5]/Q'. (LINT-34)
Warning: In design 'KG_TOP', three-state bus 'B_reg[6]' has non three-state driver 'OPERAND_A_B_CIN_DFF/B_Q_reg[6]/Q'. (LINT-34)
Warning: In design 'KG_TOP', three-state bus 'B_reg[7]' has non three-state driver 'OPERAND_A_B_CIN_DFF/B_Q_reg[7]/Q'. (LINT-34)
Warning: In design 'KG_TOP', three-state bus 'B_reg[8]' has non three-state driver 'OPERAND_A_B_CIN_DFF/B_Q_reg[8]/Q'. (LINT-34)
Warning: In design 'KG_TOP', three-state bus 'B_reg[9]' has non three-state driver 'OPERAND_A_B_CIN_DFF/B_Q_reg[9]/Q'. (LINT-34)
Warning: In design 'KG_TOP', three-state bus 'B_reg[10]' has non three-state driver 'OPERAND_A_B_CIN_DFF/B_Q_reg[10]/Q'. (LINT-34)
Warning: In design 'KG_TOP', three-state bus 'B_reg[11]' has non three-state driver 'OPERAND_A_B_CIN_DFF/B_Q_reg[11]/Q'. (LINT-34)
Warning: In design 'KG_TOP', three-state bus 'B_reg[12]' has non three-state driver 'OPERAND_A_B_CIN_DFF/B_Q_reg[12]/Q'. (LINT-34)
Warning: In design 'KG_TOP', three-state bus 'B_reg[13]' has non three-state driver 'OPERAND_A_B_CIN_DFF/B_Q_reg[13]/Q'. (LINT-34)
Warning: In design 'KG_TOP', three-state bus 'B_reg[14]' has non three-state driver 'OPERAND_A_B_CIN_DFF/B_Q_reg[14]/Q'. (LINT-34)
Warning: In design 'KG_TOP', three-state bus 'B_reg[15]' has non three-state driver 'OPERAND_A_B_CIN_DFF/B_Q_reg[15]/Q'. (LINT-34)
Warning: In design 'KG_TOP', three-state bus 'B_reg[16]' has non three-state driver 'OPERAND_A_B_CIN_DFF/B_Q_reg[16]/Q'. (LINT-34)
Warning: In design 'KG_TOP', three-state bus 'B_reg[17]' has non three-state driver 'OPERAND_A_B_CIN_DFF/B_Q_reg[17]/Q'. (LINT-34)
Warning: In design 'KG_TOP', three-state bus 'B_reg[18]' has non three-state driver 'OPERAND_A_B_CIN_DFF/B_Q_reg[18]/Q'. (LINT-34)
Warning: In design 'KG_TOP', three-state bus 'B_reg[19]' has non three-state driver 'OPERAND_A_B_CIN_DFF/B_Q_reg[19]/Q'. (LINT-34)
Warning: In design 'KG_TOP', three-state bus 'B_reg[20]' has non three-state driver 'OPERAND_A_B_CIN_DFF/B_Q_reg[20]/Q'. (LINT-34)
Warning: In design 'KG_TOP', three-state bus 'B_reg[21]' has non three-state driver 'OPERAND_A_B_CIN_DFF/B_Q_reg[21]/Q'. (LINT-34)
Warning: In design 'KG_TOP', three-state bus 'B_reg[22]' has non three-state driver 'OPERAND_A_B_CIN_DFF/B_Q_reg[22]/Q'. (LINT-34)
Warning: In design 'KG_TOP', three-state bus 'B_reg[23]' has non three-state driver 'OPERAND_A_B_CIN_DFF/B_Q_reg[23]/Q'. (LINT-34)
Warning: In design 'KG_TOP', three-state bus 'B_reg[24]' has non three-state driver 'OPERAND_A_B_CIN_DFF/B_Q_reg[24]/Q'. (LINT-34)
Warning: In design 'KG_TOP', three-state bus 'B_reg[25]' has non three-state driver 'OPERAND_A_B_CIN_DFF/B_Q_reg[25]/Q'. (LINT-34)
Warning: In design 'KG_TOP', three-state bus 'B_reg[26]' has non three-state driver 'OPERAND_A_B_CIN_DFF/B_Q_reg[26]/Q'. (LINT-34)
Warning: In design 'KG_TOP', three-state bus 'B_reg[27]' has non three-state driver 'OPERAND_A_B_CIN_DFF/B_Q_reg[27]/Q'. (LINT-34)
Warning: In design 'KG_TOP', three-state bus 'B_reg[28]' has non three-state driver 'OPERAND_A_B_CIN_DFF/B_Q_reg[28]/Q'. (LINT-34)
Warning: In design 'KG_TOP', three-state bus 'B_reg[29]' has non three-state driver 'OPERAND_A_B_CIN_DFF/B_Q_reg[29]/Q'. (LINT-34)
Warning: In design 'KG_TOP', three-state bus 'B_reg[30]' has non three-state driver 'OPERAND_A_B_CIN_DFF/B_Q_reg[30]/Q'. (LINT-34)
Warning: In design 'KG_TOP', three-state bus 'B_reg[31]' has non three-state driver 'OPERAND_A_B_CIN_DFF/B_Q_reg[31]/Q'. (LINT-34)
Warning: In design 'KG_TOP', three-state bus 'A_reg[0]' has non three-state driver 'OPERAND_A_B_CIN_DFF/A_Q_reg[0]/Q'. (LINT-34)
Warning: In design 'KG_TOP', three-state bus 'A_reg[1]' has non three-state driver 'OPERAND_A_B_CIN_DFF/A_Q_reg[1]/Q'. (LINT-34)
Warning: In design 'KG_TOP', three-state bus 'A_reg[2]' has non three-state driver 'OPERAND_A_B_CIN_DFF/A_Q_reg[2]/Q'. (LINT-34)
Warning: In design 'KG_TOP', three-state bus 'A_reg[3]' has non three-state driver 'OPERAND_A_B_CIN_DFF/A_Q_reg[3]/Q'. (LINT-34)
Warning: In design 'KG_TOP', three-state bus 'A_reg[4]' has non three-state driver 'OPERAND_A_B_CIN_DFF/A_Q_reg[4]/Q'. (LINT-34)
Warning: In design 'KG_TOP', three-state bus 'A_reg[5]' has non three-state driver 'OPERAND_A_B_CIN_DFF/A_Q_reg[5]/Q'. (LINT-34)
Warning: In design 'KG_TOP', three-state bus 'A_reg[6]' has non three-state driver 'OPERAND_A_B_CIN_DFF/A_Q_reg[6]/Q'. (LINT-34)
Warning: In design 'KG_TOP', three-state bus 'A_reg[7]' has non three-state driver 'OPERAND_A_B_CIN_DFF/A_Q_reg[7]/Q'. (LINT-34)
Warning: In design 'KG_TOP', three-state bus 'A_reg[8]' has non three-state driver 'OPERAND_A_B_CIN_DFF/A_Q_reg[8]/Q'. (LINT-34)
Warning: In design 'KG_TOP', three-state bus 'A_reg[9]' has non three-state driver 'OPERAND_A_B_CIN_DFF/A_Q_reg[9]/Q'. (LINT-34)
Warning: In design 'KG_TOP', three-state bus 'A_reg[10]' has non three-state driver 'OPERAND_A_B_CIN_DFF/A_Q_reg[10]/Q'. (LINT-34)
Warning: In design 'KG_TOP', three-state bus 'A_reg[11]' has non three-state driver 'OPERAND_A_B_CIN_DFF/A_Q_reg[11]/Q'. (LINT-34)
Warning: In design 'KG_TOP', three-state bus 'A_reg[12]' has non three-state driver 'OPERAND_A_B_CIN_DFF/A_Q_reg[12]/Q'. (LINT-34)
Warning: In design 'KG_TOP', three-state bus 'A_reg[13]' has non three-state driver 'OPERAND_A_B_CIN_DFF/A_Q_reg[13]/Q'. (LINT-34)
Warning: In design 'KG_TOP', three-state bus 'A_reg[14]' has non three-state driver 'OPERAND_A_B_CIN_DFF/A_Q_reg[14]/Q'. (LINT-34)
Warning: In design 'KG_TOP', three-state bus 'A_reg[15]' has non three-state driver 'OPERAND_A_B_CIN_DFF/A_Q_reg[15]/Q'. (LINT-34)
Warning: In design 'KG_TOP', three-state bus 'A_reg[16]' has non three-state driver 'OPERAND_A_B_CIN_DFF/A_Q_reg[16]/Q'. (LINT-34)
Warning: In design 'KG_TOP', three-state bus 'A_reg[17]' has non three-state driver 'OPERAND_A_B_CIN_DFF/A_Q_reg[17]/Q'. (LINT-34)
Warning: In design 'KG_TOP', three-state bus 'A_reg[18]' has non three-state driver 'OPERAND_A_B_CIN_DFF/A_Q_reg[18]/Q'. (LINT-34)
Warning: In design 'KG_TOP', three-state bus 'A_reg[19]' has non three-state driver 'OPERAND_A_B_CIN_DFF/A_Q_reg[19]/Q'. (LINT-34)
Warning: In design 'KG_TOP', three-state bus 'A_reg[20]' has non three-state driver 'OPERAND_A_B_CIN_DFF/A_Q_reg[20]/Q'. (LINT-34)
Warning: In design 'KG_TOP', three-state bus 'A_reg[21]' has non three-state driver 'OPERAND_A_B_CIN_DFF/A_Q_reg[21]/Q'. (LINT-34)
Warning: In design 'KG_TOP', three-state bus 'A_reg[22]' has non three-state driver 'OPERAND_A_B_CIN_DFF/A_Q_reg[22]/Q'. (LINT-34)
Warning: In design 'KG_TOP', three-state bus 'A_reg[23]' has non three-state driver 'OPERAND_A_B_CIN_DFF/A_Q_reg[23]/Q'. (LINT-34)
Warning: In design 'KG_TOP', three-state bus 'A_reg[24]' has non three-state driver 'OPERAND_A_B_CIN_DFF/A_Q_reg[24]/Q'. (LINT-34)
Warning: In design 'KG_TOP', three-state bus 'A_reg[25]' has non three-state driver 'OPERAND_A_B_CIN_DFF/A_Q_reg[25]/Q'. (LINT-34)
Warning: In design 'KG_TOP', three-state bus 'A_reg[26]' has non three-state driver 'OPERAND_A_B_CIN_DFF/A_Q_reg[26]/Q'. (LINT-34)
Warning: In design 'KG_TOP', three-state bus 'A_reg[27]' has non three-state driver 'OPERAND_A_B_CIN_DFF/A_Q_reg[27]/Q'. (LINT-34)
Warning: In design 'KG_TOP', three-state bus 'A_reg[28]' has non three-state driver 'OPERAND_A_B_CIN_DFF/A_Q_reg[28]/Q'. (LINT-34)
Warning: In design 'KG_TOP', three-state bus 'A_reg[29]' has non three-state driver 'OPERAND_A_B_CIN_DFF/A_Q_reg[29]/Q'. (LINT-34)
Warning: In design 'KG_TOP', three-state bus 'A_reg[30]' has non three-state driver 'OPERAND_A_B_CIN_DFF/A_Q_reg[30]/Q'. (LINT-34)
Warning: In design 'KG_TOP', three-state bus 'A_reg[31]' has non three-state driver 'OPERAND_A_B_CIN_DFF/A_Q_reg[31]/Q'. (LINT-34)
1
1
1
1
1
1
1
